<Root>
  <Element0 />
  <Element1 />
  <Element2 />
  <Element3 />
  <Element4 />
  <Element5 />
  <Element6 />
  <Element7 />
  <Element8 />
  <Element9 />
  <Element10 />
  <Element11 />
  <Element12 />
  <Element13 />
  <Element14 />
  <Element15 />
  <Element16 />
  <Element17 />
  <Element18 />
  <Element19 />
</Root>